Running file 'src/tests.til'
Mode: test
Running file 'src/test/temporary_tests.til'
Mode: test

Running file 'src/test/hello/hello_cli.til'
Mode: cli

Running file 'src/test/hello/hello_lib.til'
Mode: lib
Running file 'src/test/hello/hello_pure.til'
Mode: pure
Running file 'src/test/hello/hello_script.til'
Mode: script

Running file 'src/test/hello/hello_script_shebang.til'
Mode: script

Running file 'src/test/hello/hello_test.til'
Mode: test

