extern U8 *TilMAlloc(U64 count);
extern U8 *TilCAlloc(U64 nmemb,U64 size);
extern U8 *TilReAlloc(U8 *ptr,U64 count);
extern U0 TilFree(U8 *ptr);
extern U8 *TilMemCpy(U8 *dst,U8 *src,U64 count);
extern U8 *TilMemMove(U8 *dst,U8 *src,U64 count);
extern U8 *TilMemSet(U8 *dst,I64 value,U64 count);
extern I32 TilMemCmp(U8 *a,U8 *b,U64 count);
extern U0 TilRawWrite(U8 *data,U64 count);
extern U0 TilPanic(U8 *data,U64 count);
extern U0 TilNullDeref();
extern U8 *TilCheckPtr(U8 *ptr);
extern U8 *TilDeref(U8 **slot);
extern U0 TilWritePtr(U8 *slot,U8 *value);

#include "/Home/Ext.HC"

I64 TilI64Mod(I64 a, I64 b)
{
    if (!b)
        return 0;
    return a % b;
}

I64 TilMain()
{
    I64 i = 1;
    while (TRUE) {
        I64 hoisted__I64_g28 = 100;
        Bool _wcond_Bool_g7 = (i <= hoisted__I64_g28);
        if (_wcond_Bool_g7) {
        } else {
            break;
        }
        I64 hoisted__I64_g29 = 15;
        I64 hoisted__I64_g30 = TilI64Mod(i, hoisted__I64_g29);
        I64 hoisted__I64_g31 = 0;
        Bool hoisted__Bool_g32 = (hoisted__I64_g30 == hoisted__I64_g31);
        if (hoisted__Bool_g32) {
            U32 hoisted__U32_g8 = 1;
            TilStrArray _va_Array_g0;
            TilStrArrayNew(&_va_Array_g0, hoisted__U32_g8);
            I64 _va_Array_g0_ek = 0;
            U32 hoisted__U32_g9 = 0;
            TilStr hoisted__Str_g10;
            TilStrInitLit(&hoisted__Str_g10, "FizzBuzz", 8);
            TilStrArraySet(&_va_Array_g0, hoisted__U32_g9, &hoisted__Str_g10);
            TilPrintln(&_va_Array_g0);
        } else {
            I64 hoisted__I64_g24 = 3;
            I64 hoisted__I64_g25 = TilI64Mod(i, hoisted__I64_g24);
            I64 hoisted__I64_g26 = 0;
            Bool hoisted__Bool_g27 = (hoisted__I64_g25 == hoisted__I64_g26);
            if (hoisted__Bool_g27) {
                U32 hoisted__U32_g11 = 1;
                TilStrArray _va_Array_g1;
                TilStrArrayNew(&_va_Array_g1, hoisted__U32_g11);
                I64 _va_Array_g1_ek = 0;
                U32 hoisted__U32_g12 = 0;
                TilStr hoisted__Str_g13;
                TilStrInitLit(&hoisted__Str_g13, "Fizz", 4);
                TilStrArraySet(&_va_Array_g1, hoisted__U32_g12, &hoisted__Str_g13);
                TilPrintln(&_va_Array_g1);
            } else {
                I64 hoisted__I64_g20 = 5;
                I64 hoisted__I64_g21 = TilI64Mod(i, hoisted__I64_g20);
                I64 hoisted__I64_g22 = 0;
                Bool hoisted__Bool_g23 = (hoisted__I64_g21 == hoisted__I64_g22);
                if (hoisted__Bool_g23) {
                    U32 hoisted__U32_g14 = 1;
                    TilStrArray _va_Array_g2;
                    TilStrArrayNew(&_va_Array_g2, hoisted__U32_g14);
                    I64 _va_Array_g2_ek = 0;
                    U32 hoisted__U32_g15 = 0;
                    TilStr hoisted__Str_g16;
                    TilStrInitLit(&hoisted__Str_g16, "Buzz", 4);
                    TilStrArraySet(&_va_Array_g2, hoisted__U32_g15, &hoisted__Str_g16);
                    TilPrintln(&_va_Array_g2);
                } else {
                    U32 hoisted__U32_g17 = 1;
                    TilStrArray _va_Array_g3;
                    TilStrArrayNew(&_va_Array_g3, hoisted__U32_g17);
                    I64 _va_Array_g3_ek = 0;
                    U32 hoisted__U32_g18 = 0;
                    TilStr hoisted__Str_g19;
                    TilStrFromI64(&hoisted__Str_g19, i);
                    TilStrArraySet(&_va_Array_g3, hoisted__U32_g18, &hoisted__Str_g19);
                    TilPrintln(&_va_Array_g3);
                }
            }
        }
        (++i);
    }
    return 0;
}

TilMain;
