extern U0 TilRawWrite(U8 *data,U64 count);

#include "/Home/Ext.HC"

I64 TilI64Mod(I64 a, I64 b)
{
    if (!b)
        return 0;
    return a % b;
}

I64 TilMain()
{
    I64 i = 1;
    while (TRUE) {
        I64 hoisted__I64_g28 = 100;
        Bool _wcond_Bool_g7 = (i <= hoisted__I64_g28);
        if (_wcond_Bool_g7) {
        } else {
            break;
        }
        I64 hoisted__I64_g29 = 15;
        I64 hoisted__I64_g30 = TilI64Mod(i, hoisted__I64_g29);
        I64 hoisted__I64_g31 = 0;
        Bool hoisted__Bool_g32 = (hoisted__I64_g30 == hoisted__I64_g31);
        if (hoisted__Bool_g32) {
            TilStr hoisted__Str_g10;
            TilStrInitLit(&hoisted__Str_g10, "FizzBuzz", 8);
            TilStrWrite(&hoisted__Str_g10);
            TilRawWrite("\n", 1);
            TilStrDelete(&hoisted__Str_g10, FALSE);
        } else {
            I64 hoisted__I64_g24 = 3;
            I64 hoisted__I64_g25 = TilI64Mod(i, hoisted__I64_g24);
            I64 hoisted__I64_g26 = 0;
            Bool hoisted__Bool_g27 = (hoisted__I64_g25 == hoisted__I64_g26);
            if (hoisted__Bool_g27) {
                TilStr hoisted__Str_g13;
                TilStrInitLit(&hoisted__Str_g13, "Fizz", 4);
                TilStrWrite(&hoisted__Str_g13);
                TilRawWrite("\n", 1);
                TilStrDelete(&hoisted__Str_g13, FALSE);
            } else {
                I64 hoisted__I64_g20 = 5;
                I64 hoisted__I64_g21 = TilI64Mod(i, hoisted__I64_g20);
                I64 hoisted__I64_g22 = 0;
                Bool hoisted__Bool_g23 = (hoisted__I64_g21 == hoisted__I64_g22);
                if (hoisted__Bool_g23) {
                    TilStr hoisted__Str_g16;
                    TilStrInitLit(&hoisted__Str_g16, "Buzz", 4);
                    TilStrWrite(&hoisted__Str_g16);
                    TilRawWrite("\n", 1);
                    TilStrDelete(&hoisted__Str_g16, FALSE);
                } else {
                    TilStr hoisted__Str_g19;
                    TilStrFromI64(&hoisted__Str_g19, i);
                    TilStrWrite(&hoisted__Str_g19);
                    TilRawWrite("\n", 1);
                    TilStrDelete(&hoisted__Str_g19, FALSE);
                }
            }
        }
        (++i);
    }
    return 0;
}

TilMain;
