10
18
active
segment equal
segment different
named equal
named different
alpha
beta
41
40
cold
warm or hot
is warm
not cold
warm or hot
equals hot
not cold
default cold
wide high
wide distinct
wide switch
small high
default second
medium high
nested cold
evaluated once
payload equal
payload clone independent
payload text payl
payload text payload
payload count 42
payload byte 255
payload empty
empty variant equal
payload empty
payload tags differ
payload is count
record clone independent
payload record 9:payl
payload record 9:payload
nested payload equal
shadow payload payload
payload record 9:payload
payload text payload
payload text ayload
payload empty
4:5:borrowed
11:6:borrowed!
20:30
11:6
borrowed fields compare values
borrowed fields changed
7:changed:new
3:owned:owned
9:replacement
17
23
2
6
no next
nullable refs compare values
11
18
ref enum compares values
