ab1234
1234
6
cde
3
multi:cde:3
xy!
3
file exists
directory exists
view exists
regular file
directory kind
kinds distinct
primitive kinds
// T
counted file read
file missing
primitive missing
missing kind
primitive kinds missing
write roundtrip
3
empty write
opened file exists
open truncates immediately
11
abcd
ghi
jk
past eof
abcdefghijk
11
abcXYZghijk
zero-filled gap
18
renamed
append kept content
19
directory found file
1
1
removed, missing remove ok
directory rename
leaf
tree cleanup
xxABCDxx
514
1030
multi-sector gap
1801
checked
inner
caught
2
checked
outer
inner
4
8
nested continue:10:16
number
scalar throw:0:18
throwing reference
variadic:16:10
scalar swap
var-args
float widths
nan comparisons
infinity and unordered
f32 nan
16777217
float conversions
wide float conversions
float aggregates
float arithmetic
float pointer
float ordering
float enum ordering
clock and sleep
