extern U8 *TilMAlloc(U64 count);
extern U0 TilFree(U8 *ptr);
extern U8 *TilMemCpy(U8 *dst,U8 *src,U64 count);
extern U8 *TilMemSet(U8 *dst,I64 value,U64 count);
extern U0 TilRawWrite(U8 *data,U64 count);
extern U8 *TilCheckPtr(U8 *ptr);

#include "/Home/Ext.HC"

I64 TilMain()
{
    U32 n = 4;
    U8 *buf = TilMAlloc(n);
    I32 hoisted__I32_g7 = 0;
    TilMemSet(buf, hoisted__I32_g7, n);
    I64 hoisted__I64_g8 = 65;
    U64 hoisted__U64_g9 = 1;
    TilMemCpy(buf, &hoisted__I64_g8, hoisted__U64_g9);
    U64 off = 1;
    U8 *hoisted__v_g10 = (buf + off);
    I64 hoisted__I64_g11 = 66;
    U64 hoisted__U64_g12 = 1;
    TilMemCpy(hoisted__v_g10, &hoisted__I64_g11, hoisted__U64_g12);
    U64 hoisted__U64_g13 = 0;
    U8 *a = (buf + hoisted__U64_g13);
    U8 *b = (buf + off);
    I64 hoisted__I64_g15 = ((*(TilCheckPtr(a))(U8 *)))(I64);
    TilStr hoisted__Str_g17;
    TilStrFromI64(&hoisted__Str_g17, hoisted__I64_g15);
    TilStrWrite(&hoisted__Str_g17);
    TilRawWrite("\n", 1);
    TilStrDelete(&hoisted__Str_g17, FALSE);
    I64 hoisted__I64_g19 = ((*(TilCheckPtr(b))(U8 *)))(I64);
    TilStr hoisted__Str_g21;
    TilStrFromI64(&hoisted__Str_g21, hoisted__I64_g19);
    TilStrWrite(&hoisted__Str_g21);
    TilRawWrite("\n", 1);
    TilStrDelete(&hoisted__Str_g21, FALSE);
    TilFree(buf);
    return 0;
}

TilMain;
