extern U8 *TilMAlloc(U64 count);
extern U0 TilFree(U8 *ptr);
extern U0 TilRawWrite(U8 *data,U64 count);
extern U8 *TilDeref(U8 **slot);
extern U0 TilWritePtr(U8 *slot,U8 *value);

#include "/Home/Ext.HC"

I64 TilMain()
{
    U8 *slot = TilMAlloc(8);
    U8 *hoisted__v_g7 = TilMAlloc(4);
    TilWritePtr(slot, hoisted__v_g7);
    U8 *back = TilDeref((slot)(U8 **));
    U8 *recovered = back;
    TilFree(recovered);
    TilFree(slot);
    TilStr hoisted__Str_g10;
    TilStrInitLit(&hoisted__Str_g10, "ok", 2);
    TilStrWrite(&hoisted__Str_g10);
    TilRawWrite("\n", 1);
    TilStrDelete(&hoisted__Str_g10, FALSE);
    U8 *slot2 = TilMAlloc(8);
    I8 *b = TilMAlloc(4);
    TilWritePtr(slot2, b);
    U8 *back2 = TilDeref((slot2)(U8 **));
    U8 *recovered2 = back2;
    TilFree(recovered2);
    TilFree(slot2);
    TilStr hoisted__Str_g13;
    TilStrInitLit(&hoisted__Str_g13, "ok2", 3);
    TilStrWrite(&hoisted__Str_g13);
    TilRawWrite("\n", 1);
    TilStrDelete(&hoisted__Str_g13, FALSE);
    return 0;
}

TilMain;
