extern U8 *TilMAlloc(U64 count);
extern U0 TilFree(U8 *ptr);
extern U8 *TilDeref(U8 **slot);
extern U0 TilWritePtr(U8 *slot,U8 *value);

#define TIL_USIZE U64
#define TIL_STR_CAP_LIT 0xFFFFFFFFFFFFFFFF
#define TIL_STR_CAP_VIEW 0xFFFFFFFFFFFFFFFE
#include "/Home/Ext.HC"


I64 TilMain()
{
    U8 *slot_0 = TilMAlloc(8);
    U8 *hoisted__v_g7_1 = TilMAlloc(4);
    TilWritePtr(slot_0, hoisted__v_g7_1);
    U8 *ref_value_3 = TilDeref((slot_0)(U8 **));
    U8 *recovered_4 = ref_value_3;
    TilFree(recovered_4);
    TilFree(slot_0);
    U64 hoisted__U64_g8_5 = 1;
    TilStrArray _va_Array_g0_6;
    TilStrArrayNew(&_va_Array_g0_6, hoisted__U64_g8_5);
    I64 _va_Array_g0_ek_7 = 0;
    U64 hoisted__U64_g9_8 = 0;
    TilStr hoisted__Str_g10_9;
    TilStrInitLit(&hoisted__Str_g10_9, "ok", 2);
    TilStrArraySet(&_va_Array_g0_6, hoisted__U64_g9_8, &hoisted__Str_g10_9);
    TilPrintln(&_va_Array_g0_6);
    U8 *slot2_10 = TilMAlloc(8);
    I8 *b_11 = TilMAlloc(4);
    TilWritePtr(slot2_10, b_11);
    U8 *ref_value_13 = TilDeref((slot2_10)(U8 **));
    U8 *recovered2_14 = ref_value_13;
    TilFree(recovered2_14);
    TilFree(slot2_10);
    U64 hoisted__U64_g11_15 = 1;
    TilStrArray _va_Array_g1_16;
    TilStrArrayNew(&_va_Array_g1_16, hoisted__U64_g11_15);
    I64 _va_Array_g1_ek_17 = 0;
    U64 hoisted__U64_g12_18 = 0;
    TilStr hoisted__Str_g13_19;
    TilStrInitLit(&hoisted__Str_g13_19, "ok2", 3);
    TilStrArraySet(&_va_Array_g1_16, hoisted__U64_g12_18, &hoisted__Str_g13_19);
    TilPrintln(&_va_Array_g1_16);
    return 0;
}

TilMain;
