extern U0 TilFree(U8 *ptr);

#include "/Home/Ext.HC"

class File {
  U8 * handle;
  Bool is_write;
  Bool is_update;
};

U0 File_Clone(File *out, File *src)
{
  out->handle = src->handle;
  out->is_write = src->is_write;
  out->is_update = src->is_update;
}

U0 File_Delete(File *self, Bool call_free)
{
  if (call_free) TilFree(self);
}

extern U0 str_runtime_middle(TilStr *return_out, TilStr *s);
extern I64 str_runtime_len(TilStr *s);
extern U0 str_runtime_push(TilStr *s);
extern I64 str_runtime_consume(TilStr *s);

U0 str_runtime_middle(TilStr *return_out, TilStr *s)
{
    U64 hoisted__U64_0 = 1;
    U64 hoisted__U64_1 = 3;
    TilStr hoisted__Str_str_runtime_middle_2;
    TilStrSubstr(&hoisted__Str_str_runtime_middle_2, s, hoisted__U64_0, hoisted__U64_1);
    TilStr hoisted__Str_str_runtime_middle_3;
    TilStrClone(&hoisted__Str_str_runtime_middle_3, &hoisted__Str_str_runtime_middle_2);
    TilStrDelete(&hoisted__Str_str_runtime_middle_2, FALSE);
    {
        TilStr return_value_0;
        TilStrCopyValue(&return_value_0, &hoisted__Str_str_runtime_middle_3);
        TilStrCopyValue(return_out, &return_value_0);
        TilStrPrepareReturn(return_out);
        return;
    }
}

I64 str_runtime_len(TilStr *s)
{
    U64 hoisted__U64_0 = (s)->count;
    I64 hoisted__I64_1 = ((hoisted__U64_0) + 0)(I64);
    return hoisted__I64_1;
}

U0 str_runtime_push(TilStr *s)
{
    TilStr hoisted__Str_str_runtime_push_0;
    TilStrInitLit(&hoisted__Str_str_runtime_push_0, "!", 1);
    TilStrPush(s, &hoisted__Str_str_runtime_push_0);
    TilStrDelete(&hoisted__Str_str_runtime_push_0, FALSE);
}

I64 str_runtime_consume(TilStr *s)
{
    U64 hoisted__U64_0 = (s)->count;
    I64 n = ((hoisted__U64_0) + 0)(I64);
    TilStrDelete(s, FALSE);
    return n;
}

I64 TilMain()
{
    TilStr literal;
    TilStrInitLit(&literal, "  1234  ", 8);
    TilStr copy;
    TilStrClone(&copy, &literal);
    U64 hoisted__U64_g162 = 2;
    U64 hoisted__U64_g163 = 4;
    TilStr view;
    TilStrSubstr(&view, &copy, hoisted__U64_g162, hoisted__U64_g163);
    TilStr borrowed;
    TilStrBorrowedView(&borrowed, &view);
    U64 hoisted__U64_g164 = 8;
    TilStr out;
    TilStrWithCapacity(&out, hoisted__U64_g164);
    TilStr hoisted__Str_g165;
    TilStrInitLit(&hoisted__Str_g165, "ab", 2);
    TilStrPush(&out, &hoisted__Str_g165);
    TilStrDelete(&hoisted__Str_g165, FALSE);
    TilStrPush(&out, &borrowed);
    U64 hoisted__U64_g166 = 1;
    TilStrArray _va_Array_g24;
    TilStrArrayNew(&_va_Array_g24, hoisted__U64_g166);
    I64 _va_Array_g24_ek = 0;
    U64 hoisted__U64_g167 = 0;
    TilStr hoisted__Str_g168;
    TilStrClone(&hoisted__Str_g168, &out);
    TilStrArraySet(&_va_Array_g24, hoisted__U64_g167, &hoisted__Str_g168);
    TilPrintln(&_va_Array_g24);
    TilStr hoisted__Str_g169;
    TilStrInitLit(&hoisted__Str_g169, "1234", 4);
    I64 number = TilStrToI64(&hoisted__Str_g169);
    TilStrDelete(&hoisted__Str_g169, FALSE);
    U64 hoisted__U64_g170 = 1;
    TilStrArray _va_Array_g25;
    TilStrArrayNew(&_va_Array_g25, hoisted__U64_g170);
    I64 _va_Array_g25_ek = 0;
    U64 hoisted__U64_g171 = 0;
    TilStr hoisted__Str_g172;
    TilStrFromI64(&hoisted__Str_g172, number);
    TilStrArraySet(&_va_Array_g25, hoisted__U64_g171, &hoisted__Str_g172);
    TilPrintln(&_va_Array_g25);
    U64 hoisted__U64_g173 = 1;
    TilStrArray _va_Array_g26;
    TilStrArrayNew(&_va_Array_g26, hoisted__U64_g173);
    I64 _va_Array_g26_ek = 0;
    U64 hoisted__U64_g174 = (&out)->count;
    I64 hoisted__I64_g175 = ((hoisted__U64_g174) + 0)(I64);
    U64 hoisted__U64_g176 = 0;
    TilStr hoisted__Str_g177;
    TilStrFromI64(&hoisted__Str_g177, hoisted__I64_g175);
    TilStrArraySet(&_va_Array_g26, hoisted__U64_g176, &hoisted__Str_g177);
    TilPrintln(&_va_Array_g26);
    U64 hoisted__U64_g178 = 8;
    TilStr reassigned;
    TilStrWithCapacity(&reassigned, hoisted__U64_g178);
    TilStr hoisted__Str_g179;
    TilStrInitLit(&hoisted__Str_g179, "abcdef", 6);
    TilStrPush(&reassigned, &hoisted__Str_g179);
    TilStrDelete(&hoisted__Str_g179, FALSE);
    U64 hoisted__U64_g180 = 1;
    U64 hoisted__U64_g181 = 4;
    TilStr hoisted__Str_g182;
    TilStrSubstr(&hoisted__Str_g182, &reassigned, hoisted__U64_g180, hoisted__U64_g181);
    {
        TilStr replacement_1;
        TilStrClone(&replacement_1, &hoisted__Str_g182);
        TilStrDelete(&reassigned, FALSE);
        TilStrCopyValue(&reassigned, &replacement_1);
    }
    TilStrDelete(&hoisted__Str_g182, FALSE);
    TilStr returned;
    str_runtime_middle(&returned, &reassigned);
    U64 hoisted__U64_g183 = 1;
    TilStrArray _va_Array_g27;
    TilStrArrayNew(&_va_Array_g27, hoisted__U64_g183);
    I64 _va_Array_g27_ek = 0;
    U64 hoisted__U64_g184 = 0;
    TilStr hoisted__Str_g185;
    TilStrClone(&hoisted__Str_g185, &returned);
    TilStrArraySet(&_va_Array_g27, hoisted__U64_g184, &hoisted__Str_g185);
    TilPrintln(&_va_Array_g27);
    U64 hoisted__U64_g186 = 1;
    TilStrArray _va_Array_g28;
    TilStrArrayNew(&_va_Array_g28, hoisted__U64_g186);
    I64 _va_Array_g28_ek = 0;
    I64 hoisted__I64_g187 = str_runtime_len(&returned);
    U64 hoisted__U64_g188 = 0;
    TilStr hoisted__Str_g189;
    TilStrFromI64(&hoisted__Str_g189, hoisted__I64_g187);
    TilStrArraySet(&_va_Array_g28, hoisted__U64_g188, &hoisted__Str_g189);
    TilPrintln(&_va_Array_g28);
    U64 hoisted__U64_g190 = 4;
    TilStrArray _va_Array_g29;
    TilStrArrayNew(&_va_Array_g29, hoisted__U64_g190);
    I64 _va_Array_g29_ek = 0;
    U64 hoisted__U64_g191 = 0;
    TilStr hoisted__Str_g192;
    TilStrInitLit(&hoisted__Str_g192, "multi:", 6);
    TilStrArraySet(&_va_Array_g29, hoisted__U64_g191, &hoisted__Str_g192);
    U64 hoisted__U64_g193 = 1;
    TilStr hoisted__Str_g194;
    TilStrClone(&hoisted__Str_g194, &returned);
    TilStrArraySet(&_va_Array_g29, hoisted__U64_g193, &hoisted__Str_g194);
    U64 hoisted__U64_g195 = 2;
    TilStr hoisted__Str_g196;
    TilStrInitLit(&hoisted__Str_g196, ":", 1);
    TilStrArraySet(&_va_Array_g29, hoisted__U64_g195, &hoisted__Str_g196);
    I64 hoisted__I64_g197 = str_runtime_len(&returned);
    U64 hoisted__U64_g198 = 3;
    TilStr hoisted__Str_g199;
    TilStrFromI64(&hoisted__Str_g199, hoisted__I64_g197);
    TilStrArraySet(&_va_Array_g29, hoisted__U64_g198, &hoisted__Str_g199);
    TilPrintln(&_va_Array_g29);
    U64 hoisted__U64_g200 = 4;
    TilStr mutable;
    TilStrWithCapacity(&mutable, hoisted__U64_g200);
    TilStr hoisted__Str_g201;
    TilStrInitLit(&hoisted__Str_g201, "xy", 2);
    TilStrPush(&mutable, &hoisted__Str_g201);
    TilStrDelete(&hoisted__Str_g201, FALSE);
    str_runtime_push(&mutable);
    U64 hoisted__U64_g202 = 1;
    TilStrArray _va_Array_g30;
    TilStrArrayNew(&_va_Array_g30, hoisted__U64_g202);
    I64 _va_Array_g30_ek = 0;
    U64 hoisted__U64_g203 = 0;
    TilStr hoisted__Str_g204;
    TilStrClone(&hoisted__Str_g204, &mutable);
    TilStrArraySet(&_va_Array_g30, hoisted__U64_g203, &hoisted__Str_g204);
    TilPrintln(&_va_Array_g30);
    TilStr owned;
    TilStrClone(&owned, &mutable);
    U64 hoisted__U64_g205 = 1;
    TilStrArray _va_Array_g31;
    TilStrArrayNew(&_va_Array_g31, hoisted__U64_g205);
    I64 _va_Array_g31_ek = 0;
    I64 hoisted__I64_g206 = str_runtime_consume(&owned);
    U64 hoisted__U64_g207 = 0;
    TilStr hoisted__Str_g208;
    TilStrFromI64(&hoisted__Str_g208, hoisted__I64_g206);
    TilStrArraySet(&_va_Array_g31, hoisted__U64_g207, &hoisted__Str_g208);
    TilPrintln(&_va_Array_g31);
    TilStrDelete(&out, FALSE);
    TilStrDelete(&copy, FALSE);
    TilStrDelete(&reassigned, FALSE);
    TilStrDelete(&returned, FALSE);
    TilStrDelete(&mutable, FALSE);
    TilStr hoisted__Str_g209;
    TilStrInitLit(&hoisted__Str_g209, "src/holyc/ext.HC", 16);
    Bool hoisted__Bool_g210 = TilFileExists(&hoisted__Str_g209);
    TilStrDelete(&hoisted__Str_g209, FALSE);
    if (hoisted__Bool_g210) {
        U64 hoisted__U64_g41 = 1;
        TilStrArray _va_Array_g6;
        TilStrArrayNew(&_va_Array_g6, hoisted__U64_g41);
        I64 _va_Array_g6_ek = 0;
        U64 hoisted__U64_g42 = 0;
        TilStr hoisted__Str_g43;
        TilStrInitLit(&hoisted__Str_g43, "file exists", 11);
        TilStrArraySet(&_va_Array_g6, hoisted__U64_g42, &hoisted__Str_g43);
        TilPrintln(&_va_Array_g6);
        TilStr hoisted__Str_g44;
        TilStrInitLit(&hoisted__Str_g44, "src/holyc", 9);
        Bool hoisted__Bool_g45 = TilFileExists(&hoisted__Str_g44);
        TilStrDelete(&hoisted__Str_g44, FALSE);
        if (hoisted__Bool_g45) {
            U64 hoisted__U64_g7 = 1;
            TilStrArray _va_Array_g0;
            TilStrArrayNew(&_va_Array_g0, hoisted__U64_g7);
            I64 _va_Array_g0_ek = 0;
            U64 hoisted__U64_g8 = 0;
            TilStr hoisted__Str_g9;
            TilStrInitLit(&hoisted__Str_g9, "directory exists", 16);
            TilStrArraySet(&_va_Array_g0, hoisted__U64_g8, &hoisted__Str_g9);
            TilPrintln(&_va_Array_g0);
        }
        TilStr hoisted__Str_g46;
        TilStrInitLit(&hoisted__Str_g46, "src/holyc/ext.HC.trailing", 25);
        U64 hoisted__U64_g47 = 0;
        U64 hoisted__U64_g48 = 16;
        TilStr host_fs_view;
        TilStrSubstr(&host_fs_view, &hoisted__Str_g46, hoisted__U64_g47, hoisted__U64_g48);
        TilStrDelete(&hoisted__Str_g46, FALSE);
        Bool hoisted__Bool_g49 = TilFileExists(&host_fs_view);
        if (hoisted__Bool_g49) {
            U64 hoisted__U64_g10 = 1;
            TilStrArray _va_Array_g1;
            TilStrArrayNew(&_va_Array_g1, hoisted__U64_g10);
            I64 _va_Array_g1_ek = 0;
            U64 hoisted__U64_g11 = 0;
            TilStr hoisted__Str_g12;
            TilStrInitLit(&hoisted__Str_g12, "view exists", 11);
            TilStrArraySet(&_va_Array_g1, hoisted__U64_g11, &hoisted__Str_g12);
            TilPrintln(&_va_Array_g1);
        }
        Bool hoisted__Bool_g50 = TilFileIsFile(&host_fs_view);
        if (hoisted__Bool_g50) {
            U64 hoisted__U64_g13 = 1;
            TilStrArray _va_Array_g2;
            TilStrArrayNew(&_va_Array_g2, hoisted__U64_g13);
            I64 _va_Array_g2_ek = 0;
            U64 hoisted__U64_g14 = 0;
            TilStr hoisted__Str_g15;
            TilStrInitLit(&hoisted__Str_g15, "regular file", 12);
            TilStrArraySet(&_va_Array_g2, hoisted__U64_g14, &hoisted__Str_g15);
            TilPrintln(&_va_Array_g2);
        }
        TilStr hoisted__Str_g51;
        TilStrInitLit(&hoisted__Str_g51, "src/holyc", 9);
        Bool hoisted__Bool_g52 = TilFileIsDir(&hoisted__Str_g51);
        TilStrDelete(&hoisted__Str_g51, FALSE);
        if (hoisted__Bool_g52) {
            U64 hoisted__U64_g16 = 1;
            TilStrArray _va_Array_g3;
            TilStrArrayNew(&_va_Array_g3, hoisted__U64_g16);
            I64 _va_Array_g3_ek = 0;
            U64 hoisted__U64_g17 = 0;
            TilStr hoisted__Str_g18;
            TilStrInitLit(&hoisted__Str_g18, "directory kind", 14);
            TilStrArraySet(&_va_Array_g3, hoisted__U64_g17, &hoisted__Str_g18);
            TilPrintln(&_va_Array_g3);
        }
        Bool _m_Bool_g19 = FALSE;
        {
            Bool hoisted__Bool_g25 = TilFileIsDir(&host_fs_view);
            Bool _sw_Bool_g20 = (!hoisted__Bool_g25);
            Bool hoisted__Bool_g26 = TRUE;
            Bool hoisted__Bool_g27 = (_sw_Bool_g20 == hoisted__Bool_g26);
            if (hoisted__Bool_g27) {
                TilStr hoisted__Str_g21;
                TilStrInitLit(&hoisted__Str_g21, "src/holyc", 9);
                Bool hoisted__Bool_g22 = TilFileIsFile(&hoisted__Str_g21);
                TilStrDelete(&hoisted__Str_g21, FALSE);
                Bool hoisted__Bool_g23 = (!hoisted__Bool_g22);
                _m_Bool_g19 = hoisted__Bool_g23;
            } else {
                Bool hoisted__Bool_g24 = FALSE;
                _m_Bool_g19 = hoisted__Bool_g24;
            }
        }
        if (_m_Bool_g19) {
            U64 hoisted__U64_g28 = 1;
            TilStrArray _va_Array_g4;
            TilStrArrayNew(&_va_Array_g4, hoisted__U64_g28);
            I64 _va_Array_g4_ek = 0;
            U64 hoisted__U64_g29 = 0;
            TilStr hoisted__Str_g30;
            TilStrInitLit(&hoisted__Str_g30, "kinds distinct", 14);
            TilStrArraySet(&_va_Array_g4, hoisted__U64_g29, &hoisted__Str_g30);
            TilPrintln(&_va_Array_g4);
        }
        Bool _m_Bool_g31 = FALSE;
        {
            Bool _sw_Bool_g32 = TilFileIsFile(&host_fs_view);
            Bool hoisted__Bool_g36 = TRUE;
            Bool hoisted__Bool_g37 = (_sw_Bool_g32 == hoisted__Bool_g36);
            if (hoisted__Bool_g37) {
                TilStr hoisted__Str_g33;
                TilStrInitLit(&hoisted__Str_g33, "src/holyc", 9);
                Bool hoisted__Bool_g34 = TilFileIsDir(&hoisted__Str_g33);
                TilStrDelete(&hoisted__Str_g33, FALSE);
                _m_Bool_g31 = hoisted__Bool_g34;
            } else {
                Bool hoisted__Bool_g35 = FALSE;
                _m_Bool_g31 = hoisted__Bool_g35;
            }
        }
        if (_m_Bool_g31) {
            U64 hoisted__U64_g38 = 1;
            TilStrArray _va_Array_g5;
            TilStrArrayNew(&_va_Array_g5, hoisted__U64_g38);
            I64 _va_Array_g5_ek = 0;
            U64 hoisted__U64_g39 = 0;
            TilStr hoisted__Str_g40;
            TilStrInitLit(&hoisted__Str_g40, "primitive kinds", 15);
            TilStrArraySet(&_va_Array_g5, hoisted__U64_g39, &hoisted__Str_g40);
            TilPrintln(&_va_Array_g5);
        }
        TilStr host_read;
        TilFileRead(&host_read, &host_fs_view);
        U64 hoisted__U64_g53 = 1;
        TilStrArray _va_Array_g7;
        TilStrArrayNew(&_va_Array_g7, hoisted__U64_g53);
        I64 _va_Array_g7_ek = 0;
        U64 hoisted__U64_g54 = 0;
        U64 hoisted__U64_g55 = 4;
        U64 hoisted__U64_g56 = 0;
        TilStr hoisted__Str_g57;
        TilStrSubstr(&hoisted__Str_g57, &host_read, hoisted__U64_g54, hoisted__U64_g55);
        TilStrArraySet(&_va_Array_g7, hoisted__U64_g56, &hoisted__Str_g57);
        TilPrintln(&_va_Array_g7);
        U64 hoisted__U64_g58 = 1;
        TilStrArray _va_Array_g8;
        TilStrArrayNew(&_va_Array_g8, hoisted__U64_g58);
        I64 _va_Array_g8_ek = 0;
        U64 hoisted__U64_g59 = (&host_read)->count;
        I64 hoisted__I64_g60 = ((hoisted__U64_g59) + 0)(I64);
        U64 hoisted__U64_g61 = 0;
        TilStr hoisted__Str_g62;
        TilStrFromI64(&hoisted__Str_g62, hoisted__I64_g60);
        TilStrArraySet(&_va_Array_g8, hoisted__U64_g61, &hoisted__Str_g62);
        TilPrintln(&_va_Array_g8);
        TilStrDelete(&host_read, FALSE);
        TilStrDelete(&host_fs_view, FALSE);
    } else {
        TilStr hoisted__Str_g100;
        TilStrInitLit(&hoisted__Str_g100, "Ext.HC", 6);
        Bool hoisted__Bool_g101 = TilFileExists(&hoisted__Str_g100);
        TilStrDelete(&hoisted__Str_g100, FALSE);
        if (hoisted__Bool_g101) {
            U64 hoisted__U64_g63 = 1;
            TilStrArray _va_Array_g9;
            TilStrArrayNew(&_va_Array_g9, hoisted__U64_g63);
            I64 _va_Array_g9_ek = 0;
            U64 hoisted__U64_g64 = 0;
            TilStr hoisted__Str_g65;
            TilStrInitLit(&hoisted__Str_g65, "file exists", 11);
            TilStrArraySet(&_va_Array_g9, hoisted__U64_g64, &hoisted__Str_g65);
            TilPrintln(&_va_Array_g9);
        }
        TilStr hoisted__Str_g102;
        TilStrInitLit(&hoisted__Str_g102, "C:/Home", 7);
        Bool hoisted__Bool_g103 = TilFileExists(&hoisted__Str_g102);
        TilStrDelete(&hoisted__Str_g102, FALSE);
        if (hoisted__Bool_g103) {
            U64 hoisted__U64_g66 = 1;
            TilStrArray _va_Array_g10;
            TilStrArrayNew(&_va_Array_g10, hoisted__U64_g66);
            I64 _va_Array_g10_ek = 0;
            U64 hoisted__U64_g67 = 0;
            TilStr hoisted__Str_g68;
            TilStrInitLit(&hoisted__Str_g68, "directory exists", 16);
            TilStrArraySet(&_va_Array_g10, hoisted__U64_g67, &hoisted__Str_g68);
            TilPrintln(&_va_Array_g10);
        }
        TilStr hoisted__Str_g104;
        TilStrInitLit(&hoisted__Str_g104, "Ext.HC.trailing", 15);
        U64 hoisted__U64_g105 = 0;
        U64 hoisted__U64_g106 = 6;
        TilStr guest_fs_view;
        TilStrSubstr(&guest_fs_view, &hoisted__Str_g104, hoisted__U64_g105, hoisted__U64_g106);
        TilStrDelete(&hoisted__Str_g104, FALSE);
        Bool hoisted__Bool_g107 = TilFileExists(&guest_fs_view);
        if (hoisted__Bool_g107) {
            U64 hoisted__U64_g69 = 1;
            TilStrArray _va_Array_g11;
            TilStrArrayNew(&_va_Array_g11, hoisted__U64_g69);
            I64 _va_Array_g11_ek = 0;
            U64 hoisted__U64_g70 = 0;
            TilStr hoisted__Str_g71;
            TilStrInitLit(&hoisted__Str_g71, "view exists", 11);
            TilStrArraySet(&_va_Array_g11, hoisted__U64_g70, &hoisted__Str_g71);
            TilPrintln(&_va_Array_g11);
        }
        Bool hoisted__Bool_g108 = TilFileIsFile(&guest_fs_view);
        if (hoisted__Bool_g108) {
            U64 hoisted__U64_g72 = 1;
            TilStrArray _va_Array_g12;
            TilStrArrayNew(&_va_Array_g12, hoisted__U64_g72);
            I64 _va_Array_g12_ek = 0;
            U64 hoisted__U64_g73 = 0;
            TilStr hoisted__Str_g74;
            TilStrInitLit(&hoisted__Str_g74, "regular file", 12);
            TilStrArraySet(&_va_Array_g12, hoisted__U64_g73, &hoisted__Str_g74);
            TilPrintln(&_va_Array_g12);
        }
        TilStr hoisted__Str_g109;
        TilStrInitLit(&hoisted__Str_g109, "C:/Home", 7);
        Bool hoisted__Bool_g110 = TilFileIsDir(&hoisted__Str_g109);
        TilStrDelete(&hoisted__Str_g109, FALSE);
        if (hoisted__Bool_g110) {
            U64 hoisted__U64_g75 = 1;
            TilStrArray _va_Array_g13;
            TilStrArrayNew(&_va_Array_g13, hoisted__U64_g75);
            I64 _va_Array_g13_ek = 0;
            U64 hoisted__U64_g76 = 0;
            TilStr hoisted__Str_g77;
            TilStrInitLit(&hoisted__Str_g77, "directory kind", 14);
            TilStrArraySet(&_va_Array_g13, hoisted__U64_g76, &hoisted__Str_g77);
            TilPrintln(&_va_Array_g13);
        }
        Bool _m_Bool_g78 = FALSE;
        {
            Bool hoisted__Bool_g84 = TilFileIsDir(&guest_fs_view);
            Bool _sw_Bool_g79 = (!hoisted__Bool_g84);
            Bool hoisted__Bool_g85 = TRUE;
            Bool hoisted__Bool_g86 = (_sw_Bool_g79 == hoisted__Bool_g85);
            if (hoisted__Bool_g86) {
                TilStr hoisted__Str_g80;
                TilStrInitLit(&hoisted__Str_g80, "C:/Home", 7);
                Bool hoisted__Bool_g81 = TilFileIsFile(&hoisted__Str_g80);
                TilStrDelete(&hoisted__Str_g80, FALSE);
                Bool hoisted__Bool_g82 = (!hoisted__Bool_g81);
                _m_Bool_g78 = hoisted__Bool_g82;
            } else {
                Bool hoisted__Bool_g83 = FALSE;
                _m_Bool_g78 = hoisted__Bool_g83;
            }
        }
        if (_m_Bool_g78) {
            U64 hoisted__U64_g87 = 1;
            TilStrArray _va_Array_g14;
            TilStrArrayNew(&_va_Array_g14, hoisted__U64_g87);
            I64 _va_Array_g14_ek = 0;
            U64 hoisted__U64_g88 = 0;
            TilStr hoisted__Str_g89;
            TilStrInitLit(&hoisted__Str_g89, "kinds distinct", 14);
            TilStrArraySet(&_va_Array_g14, hoisted__U64_g88, &hoisted__Str_g89);
            TilPrintln(&_va_Array_g14);
        }
        Bool _m_Bool_g90 = FALSE;
        {
            Bool _sw_Bool_g91 = TilFileIsFile(&guest_fs_view);
            Bool hoisted__Bool_g95 = TRUE;
            Bool hoisted__Bool_g96 = (_sw_Bool_g91 == hoisted__Bool_g95);
            if (hoisted__Bool_g96) {
                TilStr hoisted__Str_g92;
                TilStrInitLit(&hoisted__Str_g92, "C:/Home", 7);
                Bool hoisted__Bool_g93 = TilFileIsDir(&hoisted__Str_g92);
                TilStrDelete(&hoisted__Str_g92, FALSE);
                _m_Bool_g90 = hoisted__Bool_g93;
            } else {
                Bool hoisted__Bool_g94 = FALSE;
                _m_Bool_g90 = hoisted__Bool_g94;
            }
        }
        if (_m_Bool_g90) {
            U64 hoisted__U64_g97 = 1;
            TilStrArray _va_Array_g15;
            TilStrArrayNew(&_va_Array_g15, hoisted__U64_g97);
            I64 _va_Array_g15_ek = 0;
            U64 hoisted__U64_g98 = 0;
            TilStr hoisted__Str_g99;
            TilStrInitLit(&hoisted__Str_g99, "primitive kinds", 15);
            TilStrArraySet(&_va_Array_g15, hoisted__U64_g98, &hoisted__Str_g99);
            TilPrintln(&_va_Array_g15);
        }
        TilStr guest_read;
        TilFileRead(&guest_read, &guest_fs_view);
        U64 hoisted__U64_g111 = 1;
        TilStrArray _va_Array_g16;
        TilStrArrayNew(&_va_Array_g16, hoisted__U64_g111);
        I64 _va_Array_g16_ek = 0;
        U64 hoisted__U64_g112 = 0;
        U64 hoisted__U64_g113 = 4;
        U64 hoisted__U64_g114 = 0;
        TilStr hoisted__Str_g115;
        TilStrSubstr(&hoisted__Str_g115, &guest_read, hoisted__U64_g112, hoisted__U64_g113);
        TilStrArraySet(&_va_Array_g16, hoisted__U64_g114, &hoisted__Str_g115);
        TilPrintln(&_va_Array_g16);
        U64 hoisted__U64_g116 = 1;
        TilStrArray _va_Array_g17;
        TilStrArrayNew(&_va_Array_g17, hoisted__U64_g116);
        I64 _va_Array_g17_ek = 0;
        U64 hoisted__U64_g117 = (&guest_read)->count;
        I64 hoisted__I64_g118 = ((hoisted__U64_g117) + 0)(I64);
        U64 hoisted__U64_g119 = 0;
        TilStr hoisted__Str_g120;
        TilStrFromI64(&hoisted__Str_g120, hoisted__I64_g118);
        TilStrArraySet(&_va_Array_g17, hoisted__U64_g119, &hoisted__Str_g120);
        TilPrintln(&_va_Array_g17);
        TilStrDelete(&guest_read, FALSE);
        TilStrDelete(&guest_fs_view, FALSE);
    }
    TilStr hoisted__Str_g211;
    TilStrInitLit(&hoisted__Str_g211, "missing.HC", 10);
    Bool hoisted__Bool_g212 = TilFileExists(&hoisted__Str_g211);
    TilStrDelete(&hoisted__Str_g211, FALSE);
    Bool hoisted__Bool_g213 = (!hoisted__Bool_g212);
    if (hoisted__Bool_g213) {
        U64 hoisted__U64_g121 = 1;
        TilStrArray _va_Array_g18;
        TilStrArrayNew(&_va_Array_g18, hoisted__U64_g121);
        I64 _va_Array_g18_ek = 0;
        U64 hoisted__U64_g122 = 0;
        TilStr hoisted__Str_g123;
        TilStrInitLit(&hoisted__Str_g123, "file missing", 12);
        TilStrArraySet(&_va_Array_g18, hoisted__U64_g122, &hoisted__Str_g123);
        TilPrintln(&_va_Array_g18);
    }
    TilStr hoisted__Str_g214;
    TilStrInitLit(&hoisted__Str_g214, "missing.HC", 10);
    Bool hoisted__Bool_g215 = TilFileExists(&hoisted__Str_g214);
    TilStrDelete(&hoisted__Str_g214, FALSE);
    Bool hoisted__Bool_g216 = (!hoisted__Bool_g215);
    if (hoisted__Bool_g216) {
        U64 hoisted__U64_g124 = 1;
        TilStrArray _va_Array_g19;
        TilStrArrayNew(&_va_Array_g19, hoisted__U64_g124);
        I64 _va_Array_g19_ek = 0;
        U64 hoisted__U64_g125 = 0;
        TilStr hoisted__Str_g126;
        TilStrInitLit(&hoisted__Str_g126, "primitive missing", 17);
        TilStrArraySet(&_va_Array_g19, hoisted__U64_g125, &hoisted__Str_g126);
        TilPrintln(&_va_Array_g19);
    }
    Bool _m_Bool_g127 = FALSE;
    {
        TilStr hoisted__Str_g133;
        TilStrInitLit(&hoisted__Str_g133, "missing.HC", 10);
        Bool hoisted__Bool_g134 = TilFileIsDir(&hoisted__Str_g133);
        TilStrDelete(&hoisted__Str_g133, FALSE);
        Bool _sw_Bool_g128 = (!hoisted__Bool_g134);
        Bool hoisted__Bool_g135 = TRUE;
        Bool hoisted__Bool_g136 = (_sw_Bool_g128 == hoisted__Bool_g135);
        if (hoisted__Bool_g136) {
            TilStr hoisted__Str_g129;
            TilStrInitLit(&hoisted__Str_g129, "missing.HC", 10);
            Bool hoisted__Bool_g130 = TilFileIsFile(&hoisted__Str_g129);
            TilStrDelete(&hoisted__Str_g129, FALSE);
            Bool hoisted__Bool_g131 = (!hoisted__Bool_g130);
            _m_Bool_g127 = hoisted__Bool_g131;
        } else {
            Bool hoisted__Bool_g132 = FALSE;
            _m_Bool_g127 = hoisted__Bool_g132;
        }
    }
    if (_m_Bool_g127) {
        U64 hoisted__U64_g137 = 1;
        TilStrArray _va_Array_g20;
        TilStrArrayNew(&_va_Array_g20, hoisted__U64_g137);
        I64 _va_Array_g20_ek = 0;
        U64 hoisted__U64_g138 = 0;
        TilStr hoisted__Str_g139;
        TilStrInitLit(&hoisted__Str_g139, "missing kind", 12);
        TilStrArraySet(&_va_Array_g20, hoisted__U64_g138, &hoisted__Str_g139);
        TilPrintln(&_va_Array_g20);
    }
    Bool _m_Bool_g140 = FALSE;
    {
        TilStr hoisted__Str_g146;
        TilStrInitLit(&hoisted__Str_g146, "missing.HC", 10);
        Bool hoisted__Bool_g147 = TilFileIsDir(&hoisted__Str_g146);
        TilStrDelete(&hoisted__Str_g146, FALSE);
        Bool _sw_Bool_g141 = (!hoisted__Bool_g147);
        Bool hoisted__Bool_g148 = TRUE;
        Bool hoisted__Bool_g149 = (_sw_Bool_g141 == hoisted__Bool_g148);
        if (hoisted__Bool_g149) {
            TilStr hoisted__Str_g142;
            TilStrInitLit(&hoisted__Str_g142, "missing.HC", 10);
            Bool hoisted__Bool_g143 = TilFileIsFile(&hoisted__Str_g142);
            TilStrDelete(&hoisted__Str_g142, FALSE);
            Bool hoisted__Bool_g144 = (!hoisted__Bool_g143);
            _m_Bool_g140 = hoisted__Bool_g144;
        } else {
            Bool hoisted__Bool_g145 = FALSE;
            _m_Bool_g140 = hoisted__Bool_g145;
        }
    }
    if (_m_Bool_g140) {
        U64 hoisted__U64_g150 = 1;
        TilStrArray _va_Array_g21;
        TilStrArrayNew(&_va_Array_g21, hoisted__U64_g150);
        I64 _va_Array_g21_ek = 0;
        U64 hoisted__U64_g151 = 0;
        TilStr hoisted__Str_g152;
        TilStrInitLit(&hoisted__Str_g152, "primitive kinds missing", 23);
        TilStrArraySet(&_va_Array_g21, hoisted__U64_g151, &hoisted__Str_g152);
        TilPrintln(&_va_Array_g21);
    }
    TilStr hoisted__Str_g217;
    TilStrInitLit(&hoisted__Str_g217, "TILWRITE.HC.trailing", 20);
    U64 hoisted__U64_g218 = 0;
    U64 hoisted__U64_g219 = 11;
    TilStr write_path;
    TilStrSubstr(&write_path, &hoisted__Str_g217, hoisted__U64_g218, hoisted__U64_g219);
    TilStrDelete(&hoisted__Str_g217, FALSE);
    TilStr hoisted__Str_g220;
    TilStrInitLit(&hoisted__Str_g220, "src/holyc/ext.HC", 16);
    Bool hoisted__Bool_g221 = TilFileExists(&hoisted__Str_g220);
    TilStrDelete(&hoisted__Str_g220, FALSE);
    if (hoisted__Bool_g221) {
        TilStr hoisted__Str_g153;
        TilStrInitLit(&hoisted__Str_g153, "tmp/TILWRITE.HC.trailing", 24);
        U64 hoisted__U64_g154 = 0;
        U64 hoisted__U64_g155 = 15;
        {
            TilStr replacement_2;
            TilStrSubstr(&replacement_2, &hoisted__Str_g153, hoisted__U64_g154, hoisted__U64_g155);
            TilStrDelete(&write_path, FALSE);
            TilStrCopyValue(&write_path, &replacement_2);
        }
        TilStrDelete(&hoisted__Str_g153, FALSE);
    }
    TilStr hoisted__Str_g222;
    TilStrInitLit(&hoisted__Str_g222, "longer content", 14);
    TilFileWrite(&write_path, &hoisted__Str_g222);
    TilStrDelete(&hoisted__Str_g222, FALSE);
    TilStr hoisted__Str_g223;
    TilStrInitLit(&hoisted__Str_g223, "A\x00Z", 3);
    TilFileWrite(&write_path, &hoisted__Str_g223);
    TilStrDelete(&hoisted__Str_g223, FALSE);
    TilStr written;
    TilFileRead(&written, &write_path);
    TilStr hoisted__Str_g224;
    TilStrInitLit(&hoisted__Str_g224, "A\x00Z", 3);
    Bool hoisted__Bool_g225 = TilStrEq(&written, &hoisted__Str_g224);
    TilStrDelete(&hoisted__Str_g224, FALSE);
    if (hoisted__Bool_g225) {
        U64 hoisted__U64_g156 = 1;
        TilStrArray _va_Array_g22;
        TilStrArrayNew(&_va_Array_g22, hoisted__U64_g156);
        I64 _va_Array_g22_ek = 0;
        U64 hoisted__U64_g157 = 0;
        TilStr hoisted__Str_g158;
        TilStrInitLit(&hoisted__Str_g158, "write roundtrip", 15);
        TilStrArraySet(&_va_Array_g22, hoisted__U64_g157, &hoisted__Str_g158);
        TilPrintln(&_va_Array_g22);
    }
    U64 hoisted__U64_g226 = 1;
    TilStrArray _va_Array_g32;
    TilStrArrayNew(&_va_Array_g32, hoisted__U64_g226);
    I64 _va_Array_g32_ek = 0;
    U64 hoisted__U64_g227 = (&written)->count;
    I64 hoisted__I64_g228 = ((hoisted__U64_g227) + 0)(I64);
    U64 hoisted__U64_g229 = 0;
    TilStr hoisted__Str_g230;
    TilStrFromI64(&hoisted__Str_g230, hoisted__I64_g228);
    TilStrArraySet(&_va_Array_g32, hoisted__U64_g229, &hoisted__Str_g230);
    TilPrintln(&_va_Array_g32);
    TilStrDelete(&written, FALSE);
    TilStr hoisted__Str_g231;
    TilStrInitLit(&hoisted__Str_g231, "", 0);
    TilFileWrite(&write_path, &hoisted__Str_g231);
    TilStrDelete(&hoisted__Str_g231, FALSE);
    TilStr empty_written;
    TilFileRead(&empty_written, &write_path);
    Bool hoisted__Bool_g232 = ((&empty_written)->count == 0);
    if (hoisted__Bool_g232) {
        U64 hoisted__U64_g159 = 1;
        TilStrArray _va_Array_g23;
        TilStrArrayNew(&_va_Array_g23, hoisted__U64_g159);
        I64 _va_Array_g23_ek = 0;
        U64 hoisted__U64_g160 = 0;
        TilStr hoisted__Str_g161;
        TilStrInitLit(&hoisted__Str_g161, "empty write", 11);
        TilStrArraySet(&_va_Array_g23, hoisted__U64_g160, &hoisted__Str_g161);
        TilPrintln(&_va_Array_g23);
    }
    TilStrDelete(&empty_written, FALSE);
    return 0;
}

TilMain;
