extern U8 *TilMAlloc(U64 count);
extern U0 TilFree(U8 *ptr);
extern U8 *TilMemCpy(U8 *dst,U8 *src,U64 count);
extern U8 *TilMemSet(U8 *dst,I64 value,U64 count);
extern U8 *TilCheckPtr(U8 *ptr);

#define TIL_USIZE U64
#define TIL_STR_CAP_LIT 0xFFFFFFFFFFFFFFFF
#define TIL_STR_CAP_VIEW 0xFFFFFFFFFFFFFFFE
#include "/Home/Ext.HC"


I64 TilMain()
{
    U32 n_0 = 4;
    U8 *buf_1 = TilMAlloc(n_0);
    I32 hoisted__I32_g7_2 = 0;
    TilMemSet(buf_1, hoisted__I32_g7_2, n_0);
    I64 hoisted__I64_g8_3 = 65;
    U64 hoisted__U64_g9_4 = 1;
    TilMemCpy(buf_1, &hoisted__I64_g8_3, hoisted__U64_g9_4);
    U64 off_5 = 1;
    U8 *ref_value_7 = (buf_1 + off_5);
    I64 hoisted__I64_g11_8 = 66;
    U64 hoisted__U64_g12_9 = 1;
    TilMemCpy(ref_value_7, &hoisted__I64_g11_8, hoisted__U64_g12_9);
    U64 hoisted__U64_g13_10 = 0;
    U8 *ref_value_12 = (buf_1 + hoisted__U64_g13_10);
    U8 *ref_value_14 = (buf_1 + off_5);
    U64 hoisted__U64_g14_15 = 1;
    TilStrArray _va_Array_g0_16;
    TilStrArrayNew(&_va_Array_g0_16, hoisted__U64_g14_15);
    I64 _va_Array_g0_ek_17 = 0;
    I64 hoisted__I64_g15_18 = (((*((TilCheckPtr(ref_value_12))(U8 *)))) + 0)(I64);
    U64 hoisted__U64_g16_19 = 0;
    TilStr hoisted__Str_g17_20;
    TilStrFromI64(&hoisted__Str_g17_20, hoisted__I64_g15_18);
    TilStrArraySet(&_va_Array_g0_16, hoisted__U64_g16_19, &hoisted__Str_g17_20);
    TilPrintln(&_va_Array_g0_16);
    U64 hoisted__U64_g18_21 = 1;
    TilStrArray _va_Array_g1_22;
    TilStrArrayNew(&_va_Array_g1_22, hoisted__U64_g18_21);
    I64 _va_Array_g1_ek_23 = 0;
    I64 hoisted__I64_g19_24 = (((*((TilCheckPtr(ref_value_14))(U8 *)))) + 0)(I64);
    U64 hoisted__U64_g20_25 = 0;
    TilStr hoisted__Str_g21_26;
    TilStrFromI64(&hoisted__Str_g21_26, hoisted__I64_g19_24);
    TilStrArraySet(&_va_Array_g1_22, hoisted__U64_g20_25, &hoisted__Str_g21_26);
    TilPrintln(&_va_Array_g1_22);
    TilFree(buf_1);
    return 0;
}

TilMain;
