extern U8 *TilMAlloc(U64 count);
extern U8 *TilCAlloc(U64 nmemb,U64 size);
extern U8 *TilReAlloc(U8 *ptr,U64 count);
extern U0 TilFree(U8 *ptr);
extern U8 *TilMemCpy(U8 *dst,U8 *src,U64 count);
extern U8 *TilMemMove(U8 *dst,U8 *src,U64 count);
extern U8 *TilMemSet(U8 *dst,I64 value,U64 count);
extern I32 TilMemCmp(U8 *a,U8 *b,U64 count);
extern U0 TilRawWrite(U8 *data,U64 count);
extern U0 TilPanic(U8 *data,U64 count);
extern U0 TilNullDeref();
extern U8 *TilCheckPtr(U8 *ptr);
extern U8 *TilDeref(U8 **slot);
extern U0 TilWritePtr(U8 *slot,U8 *value);

#include "/Home/Ext.HC"

I64 TilMain()
{
    U8 *slot = TilMAlloc(8);
    U8 *hoisted__v_g7 = TilMAlloc(4);
    TilWritePtr(slot, hoisted__v_g7);
    U8 *back = TilDeref((slot)(U8 **));
    U8 *recovered = back;
    TilFree(recovered);
    TilFree(slot);
    U32 hoisted__U32_g8 = 1;
    TilStrArray _va_Array_g0;
    TilStrArrayNew(&_va_Array_g0, hoisted__U32_g8);
    I64 _va_Array_g0_ek = 0;
    U32 hoisted__U32_g9 = 0;
    TilStr hoisted__Str_g10;
    TilStrInitLit(&hoisted__Str_g10, "ok", 2);
    TilStrArraySet(&_va_Array_g0, hoisted__U32_g9, &hoisted__Str_g10);
    TilPrintln(&_va_Array_g0);
    U8 *slot2 = TilMAlloc(8);
    I8 *b = TilMAlloc(4);
    TilWritePtr(slot2, b);
    U8 *back2 = TilDeref((slot2)(U8 **));
    U8 *recovered2 = back2;
    TilFree(recovered2);
    TilFree(slot2);
    U32 hoisted__U32_g11 = 1;
    TilStrArray _va_Array_g1;
    TilStrArrayNew(&_va_Array_g1, hoisted__U32_g11);
    I64 _va_Array_g1_ek = 0;
    U32 hoisted__U32_g12 = 0;
    TilStr hoisted__Str_g13;
    TilStrInitLit(&hoisted__Str_g13, "ok2", 3);
    TilStrArraySet(&_va_Array_g1, hoisted__U32_g12, &hoisted__Str_g13);
    TilPrintln(&_va_Array_g1);
    return 0;
}

TilMain;
