extern U0 TilFree(U8 *ptr);

#define TIL_USIZE U64
#define TIL_STR_CAP_LIT 0xFFFFFFFFFFFFFFFF
#define TIL_STR_CAP_VIEW 0xFFFFFFFFFFFFFFFE
#include "/Home/Ext.HC"

class File {
  U8 * handle;
  Bool is_write;
  Bool is_update;
};

U0 File_Clone(File *out, File *src)
{
  out->handle = src->handle;
  out->is_write = src->is_write;
  out->is_update = src->is_update;
}

U0 File_Delete(File *self, Bool call_free)
{
  if (call_free) TilFree(self);
}

extern U0 str_runtime_middle(TilStr *return_out, TilStr *s);
extern I64 str_runtime_len(TilStr *s);
extern U0 str_runtime_push(TilStr *s);
extern I64 str_runtime_consume(TilStr *s);

U0 str_runtime_middle(TilStr *return_out, TilStr *s)
{
    U64 hoisted__U64_0 = 1;
    U64 hoisted__U64_1 = 3;
    TilStr hoisted__Str_str_runtime_middle_2;
    TilStrSubstr(&hoisted__Str_str_runtime_middle_2, s, hoisted__U64_0, hoisted__U64_1);
    TilStr hoisted__Str_str_runtime_middle_3;
    TilStrClone(&hoisted__Str_str_runtime_middle_3, &hoisted__Str_str_runtime_middle_2);
    TilStrDelete(&hoisted__Str_str_runtime_middle_2, FALSE);
    {
        TilStr return_value_0;
        TilStrCopyValue(&return_value_0, &hoisted__Str_str_runtime_middle_3);
        TilStrCopyValue(return_out, &return_value_0);
        TilStrPrepareReturn(return_out);
        return;
    }
}

I64 str_runtime_len(TilStr *s)
{
    U64 hoisted__U64_0 = (s)->count;
    I64 hoisted__I64_1 = ((hoisted__U64_0) + 0)(I64);
    return hoisted__I64_1;
}

U0 str_runtime_push(TilStr *s)
{
    TilStr hoisted__Str_str_runtime_push_0;
    TilStrInitLit(&hoisted__Str_str_runtime_push_0, "!", 1);
    TilStrPush(s, &hoisted__Str_str_runtime_push_0);
    TilStrDelete(&hoisted__Str_str_runtime_push_0, FALSE);
}

I64 str_runtime_consume(TilStr *s)
{
    U64 hoisted__U64_0 = (s)->count;
    I64 n = ((hoisted__U64_0) + 0)(I64);
    TilStrDelete(s, FALSE);
    return n;
}

I64 TilMain()
{
    TilStr literal;
    TilStrInitLit(&literal, "  1234  ", 8);
    TilStr copy;
    TilStrClone(&copy, &literal);
    U64 hoisted__U64_g164 = 2;
    U64 hoisted__U64_g165 = 4;
    TilStr view;
    TilStrSubstr(&view, &copy, hoisted__U64_g164, hoisted__U64_g165);
    TilStr borrowed;
    TilStrBorrowedView(&borrowed, &view);
    U64 hoisted__U64_g166 = 8;
    TilStr out;
    TilStrWithCapacity(&out, hoisted__U64_g166);
    TilStr hoisted__Str_g167;
    TilStrInitLit(&hoisted__Str_g167, "ab", 2);
    TilStrPush(&out, &hoisted__Str_g167);
    TilStrDelete(&hoisted__Str_g167, FALSE);
    TilStrPush(&out, &borrowed);
    U64 hoisted__U64_g168 = 1;
    TilStrArray _va_Array_g24;
    TilStrArrayNew(&_va_Array_g24, hoisted__U64_g168);
    I64 _va_Array_g24_ek = 0;
    U64 hoisted__U64_g169 = 0;
    TilStr hoisted__Str_g170;
    TilStrClone(&hoisted__Str_g170, &out);
    TilStrArraySet(&_va_Array_g24, hoisted__U64_g169, &hoisted__Str_g170);
    TilPrintln(&_va_Array_g24);
    TilStr hoisted__Str_g171;
    TilStrInitLit(&hoisted__Str_g171, "1234", 4);
    I64 number = TilStrToI64(&hoisted__Str_g171);
    TilStrDelete(&hoisted__Str_g171, FALSE);
    U64 hoisted__U64_g172 = 1;
    TilStrArray _va_Array_g25;
    TilStrArrayNew(&_va_Array_g25, hoisted__U64_g172);
    I64 _va_Array_g25_ek = 0;
    U64 hoisted__U64_g173 = 0;
    TilStr hoisted__Str_g174;
    TilStrFromI64(&hoisted__Str_g174, number);
    TilStrArraySet(&_va_Array_g25, hoisted__U64_g173, &hoisted__Str_g174);
    TilPrintln(&_va_Array_g25);
    U64 hoisted__U64_g175 = 1;
    TilStrArray _va_Array_g26;
    TilStrArrayNew(&_va_Array_g26, hoisted__U64_g175);
    I64 _va_Array_g26_ek = 0;
    U64 hoisted__U64_g176 = (&out)->count;
    I64 hoisted__I64_g177 = ((hoisted__U64_g176) + 0)(I64);
    U64 hoisted__U64_g178 = 0;
    TilStr hoisted__Str_g179;
    TilStrFromI64(&hoisted__Str_g179, hoisted__I64_g177);
    TilStrArraySet(&_va_Array_g26, hoisted__U64_g178, &hoisted__Str_g179);
    TilPrintln(&_va_Array_g26);
    U64 hoisted__U64_g180 = 8;
    TilStr reassigned;
    TilStrWithCapacity(&reassigned, hoisted__U64_g180);
    TilStr hoisted__Str_g181;
    TilStrInitLit(&hoisted__Str_g181, "abcdef", 6);
    TilStrPush(&reassigned, &hoisted__Str_g181);
    TilStrDelete(&hoisted__Str_g181, FALSE);
    U64 hoisted__U64_g182 = 1;
    U64 hoisted__U64_g183 = 4;
    TilStr hoisted__Str_g184;
    TilStrSubstr(&hoisted__Str_g184, &reassigned, hoisted__U64_g182, hoisted__U64_g183);
    {
        TilStr replacement_1;
        TilStrClone(&replacement_1, &hoisted__Str_g184);
        TilStrDelete(&reassigned, FALSE);
        TilStrCopyValue(&reassigned, &replacement_1);
    }
    TilStrDelete(&hoisted__Str_g184, FALSE);
    TilStr returned;
    str_runtime_middle(&returned, &reassigned);
    U64 hoisted__U64_g185 = 1;
    TilStrArray _va_Array_g27;
    TilStrArrayNew(&_va_Array_g27, hoisted__U64_g185);
    I64 _va_Array_g27_ek = 0;
    U64 hoisted__U64_g186 = 0;
    TilStr hoisted__Str_g187;
    TilStrClone(&hoisted__Str_g187, &returned);
    TilStrArraySet(&_va_Array_g27, hoisted__U64_g186, &hoisted__Str_g187);
    TilPrintln(&_va_Array_g27);
    U64 hoisted__U64_g188 = 1;
    TilStrArray _va_Array_g28;
    TilStrArrayNew(&_va_Array_g28, hoisted__U64_g188);
    I64 _va_Array_g28_ek = 0;
    I64 hoisted__I64_g189 = str_runtime_len(&returned);
    U64 hoisted__U64_g190 = 0;
    TilStr hoisted__Str_g191;
    TilStrFromI64(&hoisted__Str_g191, hoisted__I64_g189);
    TilStrArraySet(&_va_Array_g28, hoisted__U64_g190, &hoisted__Str_g191);
    TilPrintln(&_va_Array_g28);
    U64 hoisted__U64_g192 = 4;
    TilStrArray _va_Array_g29;
    TilStrArrayNew(&_va_Array_g29, hoisted__U64_g192);
    I64 _va_Array_g29_ek = 0;
    U64 hoisted__U64_g193 = 0;
    TilStr hoisted__Str_g194;
    TilStrInitLit(&hoisted__Str_g194, "multi:", 6);
    TilStrArraySet(&_va_Array_g29, hoisted__U64_g193, &hoisted__Str_g194);
    U64 hoisted__U64_g195 = 1;
    TilStr hoisted__Str_g196;
    TilStrClone(&hoisted__Str_g196, &returned);
    TilStrArraySet(&_va_Array_g29, hoisted__U64_g195, &hoisted__Str_g196);
    U64 hoisted__U64_g197 = 2;
    TilStr hoisted__Str_g198;
    TilStrInitLit(&hoisted__Str_g198, ":", 1);
    TilStrArraySet(&_va_Array_g29, hoisted__U64_g197, &hoisted__Str_g198);
    I64 hoisted__I64_g199 = str_runtime_len(&returned);
    U64 hoisted__U64_g200 = 3;
    TilStr hoisted__Str_g201;
    TilStrFromI64(&hoisted__Str_g201, hoisted__I64_g199);
    TilStrArraySet(&_va_Array_g29, hoisted__U64_g200, &hoisted__Str_g201);
    TilPrintln(&_va_Array_g29);
    U64 hoisted__U64_g202 = 4;
    TilStr mutable;
    TilStrWithCapacity(&mutable, hoisted__U64_g202);
    TilStr hoisted__Str_g203;
    TilStrInitLit(&hoisted__Str_g203, "xy", 2);
    TilStrPush(&mutable, &hoisted__Str_g203);
    TilStrDelete(&hoisted__Str_g203, FALSE);
    str_runtime_push(&mutable);
    U64 hoisted__U64_g204 = 1;
    TilStrArray _va_Array_g30;
    TilStrArrayNew(&_va_Array_g30, hoisted__U64_g204);
    I64 _va_Array_g30_ek = 0;
    U64 hoisted__U64_g205 = 0;
    TilStr hoisted__Str_g206;
    TilStrClone(&hoisted__Str_g206, &mutable);
    TilStrArraySet(&_va_Array_g30, hoisted__U64_g205, &hoisted__Str_g206);
    TilPrintln(&_va_Array_g30);
    TilStr owned;
    TilStrClone(&owned, &mutable);
    U64 hoisted__U64_g207 = 1;
    TilStrArray _va_Array_g31;
    TilStrArrayNew(&_va_Array_g31, hoisted__U64_g207);
    I64 _va_Array_g31_ek = 0;
    I64 hoisted__I64_g208 = str_runtime_consume(&owned);
    U64 hoisted__U64_g209 = 0;
    TilStr hoisted__Str_g210;
    TilStrFromI64(&hoisted__Str_g210, hoisted__I64_g208);
    TilStrArraySet(&_va_Array_g31, hoisted__U64_g209, &hoisted__Str_g210);
    TilPrintln(&_va_Array_g31);
    TilStrDelete(&out, FALSE);
    TilStrDelete(&copy, FALSE);
    TilStrDelete(&reassigned, FALSE);
    TilStrDelete(&returned, FALSE);
    TilStrDelete(&mutable, FALSE);
    TilStr hoisted__Str_g211;
    TilStrInitLit(&hoisted__Str_g211, "src/holyc/ext.HC", 16);
    Bool hoisted__Bool_g212 = TilFileExists(&hoisted__Str_g211);
    TilStrDelete(&hoisted__Str_g211, FALSE);
    if (hoisted__Bool_g212) {
        U64 hoisted__U64_g44 = 1;
        TilStrArray _va_Array_g7;
        TilStrArrayNew(&_va_Array_g7, hoisted__U64_g44);
        I64 _va_Array_g7_ek = 0;
        U64 hoisted__U64_g45 = 0;
        TilStr hoisted__Str_g46;
        TilStrInitLit(&hoisted__Str_g46, "file exists", 11);
        TilStrArraySet(&_va_Array_g7, hoisted__U64_g45, &hoisted__Str_g46);
        TilPrintln(&_va_Array_g7);
        TilStr hoisted__Str_g47;
        TilStrInitLit(&hoisted__Str_g47, "src/holyc", 9);
        Bool hoisted__Bool_g48 = TilFileExists(&hoisted__Str_g47);
        TilStrDelete(&hoisted__Str_g47, FALSE);
        if (hoisted__Bool_g48) {
            U64 hoisted__U64_g7 = 1;
            TilStrArray _va_Array_g0;
            TilStrArrayNew(&_va_Array_g0, hoisted__U64_g7);
            I64 _va_Array_g0_ek = 0;
            U64 hoisted__U64_g8 = 0;
            TilStr hoisted__Str_g9;
            TilStrInitLit(&hoisted__Str_g9, "directory exists", 16);
            TilStrArraySet(&_va_Array_g0, hoisted__U64_g8, &hoisted__Str_g9);
            TilPrintln(&_va_Array_g0);
        }
        TilStr hoisted__Str_g49;
        TilStrInitLit(&hoisted__Str_g49, "src/holyc/ext.HC.trailing", 25);
        U64 hoisted__U64_g50 = 0;
        U64 hoisted__U64_g51 = 16;
        TilStr host_fs_view;
        TilStrSubstr(&host_fs_view, &hoisted__Str_g49, hoisted__U64_g50, hoisted__U64_g51);
        TilStrDelete(&hoisted__Str_g49, FALSE);
        Bool hoisted__Bool_g52 = TilFileExists(&host_fs_view);
        if (hoisted__Bool_g52) {
            U64 hoisted__U64_g10 = 1;
            TilStrArray _va_Array_g1;
            TilStrArrayNew(&_va_Array_g1, hoisted__U64_g10);
            I64 _va_Array_g1_ek = 0;
            U64 hoisted__U64_g11 = 0;
            TilStr hoisted__Str_g12;
            TilStrInitLit(&hoisted__Str_g12, "view exists", 11);
            TilStrArraySet(&_va_Array_g1, hoisted__U64_g11, &hoisted__Str_g12);
            TilPrintln(&_va_Array_g1);
        }
        Bool hoisted__Bool_g53 = TilFileIsFile(&host_fs_view);
        if (hoisted__Bool_g53) {
            U64 hoisted__U64_g13 = 1;
            TilStrArray _va_Array_g2;
            TilStrArrayNew(&_va_Array_g2, hoisted__U64_g13);
            I64 _va_Array_g2_ek = 0;
            U64 hoisted__U64_g14 = 0;
            TilStr hoisted__Str_g15;
            TilStrInitLit(&hoisted__Str_g15, "regular file", 12);
            TilStrArraySet(&_va_Array_g2, hoisted__U64_g14, &hoisted__Str_g15);
            TilPrintln(&_va_Array_g2);
        }
        TilStr hoisted__Str_g54;
        TilStrInitLit(&hoisted__Str_g54, "src/holyc", 9);
        Bool hoisted__Bool_g55 = TilFileIsDir(&hoisted__Str_g54);
        TilStrDelete(&hoisted__Str_g54, FALSE);
        if (hoisted__Bool_g55) {
            U64 hoisted__U64_g16 = 1;
            TilStrArray _va_Array_g3;
            TilStrArrayNew(&_va_Array_g3, hoisted__U64_g16);
            I64 _va_Array_g3_ek = 0;
            U64 hoisted__U64_g17 = 0;
            TilStr hoisted__Str_g18;
            TilStrInitLit(&hoisted__Str_g18, "directory kind", 14);
            TilStrArraySet(&_va_Array_g3, hoisted__U64_g17, &hoisted__Str_g18);
            TilPrintln(&_va_Array_g3);
        }
        Bool _m_Bool_g19 = FALSE;
        {
            Bool hoisted__Bool_g25 = TilFileIsDir(&host_fs_view);
            Bool _sw_Bool_g20 = (!hoisted__Bool_g25);
            Bool hoisted__Bool_g26 = TRUE;
            Bool hoisted__Bool_g27 = (_sw_Bool_g20 == hoisted__Bool_g26);
            if (hoisted__Bool_g27) {
                TilStr hoisted__Str_g21;
                TilStrInitLit(&hoisted__Str_g21, "src/holyc", 9);
                Bool hoisted__Bool_g22 = TilFileIsFile(&hoisted__Str_g21);
                TilStrDelete(&hoisted__Str_g21, FALSE);
                Bool hoisted__Bool_g23 = (!hoisted__Bool_g22);
                _m_Bool_g19 = hoisted__Bool_g23;
            } else {
                Bool hoisted__Bool_g24 = FALSE;
                _m_Bool_g19 = hoisted__Bool_g24;
            }
        }
        if (_m_Bool_g19) {
            U64 hoisted__U64_g28 = 1;
            TilStrArray _va_Array_g4;
            TilStrArrayNew(&_va_Array_g4, hoisted__U64_g28);
            I64 _va_Array_g4_ek = 0;
            U64 hoisted__U64_g29 = 0;
            TilStr hoisted__Str_g30;
            TilStrInitLit(&hoisted__Str_g30, "kinds distinct", 14);
            TilStrArraySet(&_va_Array_g4, hoisted__U64_g29, &hoisted__Str_g30);
            TilPrintln(&_va_Array_g4);
        }
        Bool _m_Bool_g31 = FALSE;
        {
            Bool _sw_Bool_g32 = TilFileIsFile(&host_fs_view);
            Bool hoisted__Bool_g36 = TRUE;
            Bool hoisted__Bool_g37 = (_sw_Bool_g32 == hoisted__Bool_g36);
            if (hoisted__Bool_g37) {
                TilStr hoisted__Str_g33;
                TilStrInitLit(&hoisted__Str_g33, "src/holyc", 9);
                Bool hoisted__Bool_g34 = TilFileIsDir(&hoisted__Str_g33);
                TilStrDelete(&hoisted__Str_g33, FALSE);
                _m_Bool_g31 = hoisted__Bool_g34;
            } else {
                Bool hoisted__Bool_g35 = FALSE;
                _m_Bool_g31 = hoisted__Bool_g35;
            }
        }
        if (_m_Bool_g31) {
            U64 hoisted__U64_g38 = 1;
            TilStrArray _va_Array_g5;
            TilStrArrayNew(&_va_Array_g5, hoisted__U64_g38);
            I64 _va_Array_g5_ek = 0;
            U64 hoisted__U64_g39 = 0;
            TilStr hoisted__Str_g40;
            TilStrInitLit(&hoisted__Str_g40, "primitive kinds", 15);
            TilStrArraySet(&_va_Array_g5, hoisted__U64_g39, &hoisted__Str_g40);
            TilPrintln(&_va_Array_g5);
        }
        TilStr host_read;
        TilFileRead(&host_read, &host_fs_view);
        U64 hoisted__U64_g56 = 1;
        TilStrArray _va_Array_g8;
        TilStrArrayNew(&_va_Array_g8, hoisted__U64_g56);
        I64 _va_Array_g8_ek = 0;
        U64 hoisted__U64_g57 = 0;
        U64 hoisted__U64_g58 = 4;
        U64 hoisted__U64_g59 = 0;
        TilStr hoisted__Str_g60;
        TilStrSubstr(&hoisted__Str_g60, &host_read, hoisted__U64_g57, hoisted__U64_g58);
        TilStrArraySet(&_va_Array_g8, hoisted__U64_g59, &hoisted__Str_g60);
        TilPrintln(&_va_Array_g8);
        U64 hoisted__U64_g61 = (&host_read)->count;
        U64 hoisted__U64_g62 = 4;
        Bool hoisted__Bool_g63 = (hoisted__U64_g61 > hoisted__U64_g62);
        if (hoisted__Bool_g63) {
            U64 hoisted__U64_g41 = 1;
            TilStrArray _va_Array_g6;
            TilStrArrayNew(&_va_Array_g6, hoisted__U64_g41);
            I64 _va_Array_g6_ek = 0;
            U64 hoisted__U64_g42 = 0;
            TilStr hoisted__Str_g43;
            TilStrInitLit(&hoisted__Str_g43, "counted file read", 17);
            TilStrArraySet(&_va_Array_g6, hoisted__U64_g42, &hoisted__Str_g43);
            TilPrintln(&_va_Array_g6);
        }
        TilStrDelete(&host_read, FALSE);
        TilStrDelete(&host_fs_view, FALSE);
    } else {
        TilStr hoisted__Str_g104;
        TilStrInitLit(&hoisted__Str_g104, "Ext.HC", 6);
        Bool hoisted__Bool_g105 = TilFileExists(&hoisted__Str_g104);
        TilStrDelete(&hoisted__Str_g104, FALSE);
        if (hoisted__Bool_g105) {
            U64 hoisted__U64_g64 = 1;
            TilStrArray _va_Array_g9;
            TilStrArrayNew(&_va_Array_g9, hoisted__U64_g64);
            I64 _va_Array_g9_ek = 0;
            U64 hoisted__U64_g65 = 0;
            TilStr hoisted__Str_g66;
            TilStrInitLit(&hoisted__Str_g66, "file exists", 11);
            TilStrArraySet(&_va_Array_g9, hoisted__U64_g65, &hoisted__Str_g66);
            TilPrintln(&_va_Array_g9);
        }
        TilStr hoisted__Str_g106;
        TilStrInitLit(&hoisted__Str_g106, "C:/Home", 7);
        Bool hoisted__Bool_g107 = TilFileExists(&hoisted__Str_g106);
        TilStrDelete(&hoisted__Str_g106, FALSE);
        if (hoisted__Bool_g107) {
            U64 hoisted__U64_g67 = 1;
            TilStrArray _va_Array_g10;
            TilStrArrayNew(&_va_Array_g10, hoisted__U64_g67);
            I64 _va_Array_g10_ek = 0;
            U64 hoisted__U64_g68 = 0;
            TilStr hoisted__Str_g69;
            TilStrInitLit(&hoisted__Str_g69, "directory exists", 16);
            TilStrArraySet(&_va_Array_g10, hoisted__U64_g68, &hoisted__Str_g69);
            TilPrintln(&_va_Array_g10);
        }
        TilStr hoisted__Str_g108;
        TilStrInitLit(&hoisted__Str_g108, "Ext.HC.trailing", 15);
        U64 hoisted__U64_g109 = 0;
        U64 hoisted__U64_g110 = 6;
        TilStr guest_fs_view;
        TilStrSubstr(&guest_fs_view, &hoisted__Str_g108, hoisted__U64_g109, hoisted__U64_g110);
        TilStrDelete(&hoisted__Str_g108, FALSE);
        Bool hoisted__Bool_g111 = TilFileExists(&guest_fs_view);
        if (hoisted__Bool_g111) {
            U64 hoisted__U64_g70 = 1;
            TilStrArray _va_Array_g11;
            TilStrArrayNew(&_va_Array_g11, hoisted__U64_g70);
            I64 _va_Array_g11_ek = 0;
            U64 hoisted__U64_g71 = 0;
            TilStr hoisted__Str_g72;
            TilStrInitLit(&hoisted__Str_g72, "view exists", 11);
            TilStrArraySet(&_va_Array_g11, hoisted__U64_g71, &hoisted__Str_g72);
            TilPrintln(&_va_Array_g11);
        }
        Bool hoisted__Bool_g112 = TilFileIsFile(&guest_fs_view);
        if (hoisted__Bool_g112) {
            U64 hoisted__U64_g73 = 1;
            TilStrArray _va_Array_g12;
            TilStrArrayNew(&_va_Array_g12, hoisted__U64_g73);
            I64 _va_Array_g12_ek = 0;
            U64 hoisted__U64_g74 = 0;
            TilStr hoisted__Str_g75;
            TilStrInitLit(&hoisted__Str_g75, "regular file", 12);
            TilStrArraySet(&_va_Array_g12, hoisted__U64_g74, &hoisted__Str_g75);
            TilPrintln(&_va_Array_g12);
        }
        TilStr hoisted__Str_g113;
        TilStrInitLit(&hoisted__Str_g113, "C:/Home", 7);
        Bool hoisted__Bool_g114 = TilFileIsDir(&hoisted__Str_g113);
        TilStrDelete(&hoisted__Str_g113, FALSE);
        if (hoisted__Bool_g114) {
            U64 hoisted__U64_g76 = 1;
            TilStrArray _va_Array_g13;
            TilStrArrayNew(&_va_Array_g13, hoisted__U64_g76);
            I64 _va_Array_g13_ek = 0;
            U64 hoisted__U64_g77 = 0;
            TilStr hoisted__Str_g78;
            TilStrInitLit(&hoisted__Str_g78, "directory kind", 14);
            TilStrArraySet(&_va_Array_g13, hoisted__U64_g77, &hoisted__Str_g78);
            TilPrintln(&_va_Array_g13);
        }
        Bool _m_Bool_g79 = FALSE;
        {
            Bool hoisted__Bool_g85 = TilFileIsDir(&guest_fs_view);
            Bool _sw_Bool_g80 = (!hoisted__Bool_g85);
            Bool hoisted__Bool_g86 = TRUE;
            Bool hoisted__Bool_g87 = (_sw_Bool_g80 == hoisted__Bool_g86);
            if (hoisted__Bool_g87) {
                TilStr hoisted__Str_g81;
                TilStrInitLit(&hoisted__Str_g81, "C:/Home", 7);
                Bool hoisted__Bool_g82 = TilFileIsFile(&hoisted__Str_g81);
                TilStrDelete(&hoisted__Str_g81, FALSE);
                Bool hoisted__Bool_g83 = (!hoisted__Bool_g82);
                _m_Bool_g79 = hoisted__Bool_g83;
            } else {
                Bool hoisted__Bool_g84 = FALSE;
                _m_Bool_g79 = hoisted__Bool_g84;
            }
        }
        if (_m_Bool_g79) {
            U64 hoisted__U64_g88 = 1;
            TilStrArray _va_Array_g14;
            TilStrArrayNew(&_va_Array_g14, hoisted__U64_g88);
            I64 _va_Array_g14_ek = 0;
            U64 hoisted__U64_g89 = 0;
            TilStr hoisted__Str_g90;
            TilStrInitLit(&hoisted__Str_g90, "kinds distinct", 14);
            TilStrArraySet(&_va_Array_g14, hoisted__U64_g89, &hoisted__Str_g90);
            TilPrintln(&_va_Array_g14);
        }
        Bool _m_Bool_g91 = FALSE;
        {
            Bool _sw_Bool_g92 = TilFileIsFile(&guest_fs_view);
            Bool hoisted__Bool_g96 = TRUE;
            Bool hoisted__Bool_g97 = (_sw_Bool_g92 == hoisted__Bool_g96);
            if (hoisted__Bool_g97) {
                TilStr hoisted__Str_g93;
                TilStrInitLit(&hoisted__Str_g93, "C:/Home", 7);
                Bool hoisted__Bool_g94 = TilFileIsDir(&hoisted__Str_g93);
                TilStrDelete(&hoisted__Str_g93, FALSE);
                _m_Bool_g91 = hoisted__Bool_g94;
            } else {
                Bool hoisted__Bool_g95 = FALSE;
                _m_Bool_g91 = hoisted__Bool_g95;
            }
        }
        if (_m_Bool_g91) {
            U64 hoisted__U64_g98 = 1;
            TilStrArray _va_Array_g15;
            TilStrArrayNew(&_va_Array_g15, hoisted__U64_g98);
            I64 _va_Array_g15_ek = 0;
            U64 hoisted__U64_g99 = 0;
            TilStr hoisted__Str_g100;
            TilStrInitLit(&hoisted__Str_g100, "primitive kinds", 15);
            TilStrArraySet(&_va_Array_g15, hoisted__U64_g99, &hoisted__Str_g100);
            TilPrintln(&_va_Array_g15);
        }
        TilStr guest_read;
        TilFileRead(&guest_read, &guest_fs_view);
        U64 hoisted__U64_g115 = 1;
        TilStrArray _va_Array_g17;
        TilStrArrayNew(&_va_Array_g17, hoisted__U64_g115);
        I64 _va_Array_g17_ek = 0;
        U64 hoisted__U64_g116 = 0;
        U64 hoisted__U64_g117 = 4;
        U64 hoisted__U64_g118 = 0;
        TilStr hoisted__Str_g119;
        TilStrSubstr(&hoisted__Str_g119, &guest_read, hoisted__U64_g116, hoisted__U64_g117);
        TilStrArraySet(&_va_Array_g17, hoisted__U64_g118, &hoisted__Str_g119);
        TilPrintln(&_va_Array_g17);
        U64 hoisted__U64_g120 = (&guest_read)->count;
        U64 hoisted__U64_g121 = 4;
        Bool hoisted__Bool_g122 = (hoisted__U64_g120 > hoisted__U64_g121);
        if (hoisted__Bool_g122) {
            U64 hoisted__U64_g101 = 1;
            TilStrArray _va_Array_g16;
            TilStrArrayNew(&_va_Array_g16, hoisted__U64_g101);
            I64 _va_Array_g16_ek = 0;
            U64 hoisted__U64_g102 = 0;
            TilStr hoisted__Str_g103;
            TilStrInitLit(&hoisted__Str_g103, "counted file read", 17);
            TilStrArraySet(&_va_Array_g16, hoisted__U64_g102, &hoisted__Str_g103);
            TilPrintln(&_va_Array_g16);
        }
        TilStrDelete(&guest_read, FALSE);
        TilStrDelete(&guest_fs_view, FALSE);
    }
    TilStr hoisted__Str_g213;
    TilStrInitLit(&hoisted__Str_g213, "missing.HC", 10);
    Bool hoisted__Bool_g214 = TilFileExists(&hoisted__Str_g213);
    TilStrDelete(&hoisted__Str_g213, FALSE);
    Bool hoisted__Bool_g215 = (!hoisted__Bool_g214);
    if (hoisted__Bool_g215) {
        U64 hoisted__U64_g123 = 1;
        TilStrArray _va_Array_g18;
        TilStrArrayNew(&_va_Array_g18, hoisted__U64_g123);
        I64 _va_Array_g18_ek = 0;
        U64 hoisted__U64_g124 = 0;
        TilStr hoisted__Str_g125;
        TilStrInitLit(&hoisted__Str_g125, "file missing", 12);
        TilStrArraySet(&_va_Array_g18, hoisted__U64_g124, &hoisted__Str_g125);
        TilPrintln(&_va_Array_g18);
    }
    TilStr hoisted__Str_g216;
    TilStrInitLit(&hoisted__Str_g216, "missing.HC", 10);
    Bool hoisted__Bool_g217 = TilFileExists(&hoisted__Str_g216);
    TilStrDelete(&hoisted__Str_g216, FALSE);
    Bool hoisted__Bool_g218 = (!hoisted__Bool_g217);
    if (hoisted__Bool_g218) {
        U64 hoisted__U64_g126 = 1;
        TilStrArray _va_Array_g19;
        TilStrArrayNew(&_va_Array_g19, hoisted__U64_g126);
        I64 _va_Array_g19_ek = 0;
        U64 hoisted__U64_g127 = 0;
        TilStr hoisted__Str_g128;
        TilStrInitLit(&hoisted__Str_g128, "primitive missing", 17);
        TilStrArraySet(&_va_Array_g19, hoisted__U64_g127, &hoisted__Str_g128);
        TilPrintln(&_va_Array_g19);
    }
    Bool _m_Bool_g129 = FALSE;
    {
        TilStr hoisted__Str_g135;
        TilStrInitLit(&hoisted__Str_g135, "missing.HC", 10);
        Bool hoisted__Bool_g136 = TilFileIsDir(&hoisted__Str_g135);
        TilStrDelete(&hoisted__Str_g135, FALSE);
        Bool _sw_Bool_g130 = (!hoisted__Bool_g136);
        Bool hoisted__Bool_g137 = TRUE;
        Bool hoisted__Bool_g138 = (_sw_Bool_g130 == hoisted__Bool_g137);
        if (hoisted__Bool_g138) {
            TilStr hoisted__Str_g131;
            TilStrInitLit(&hoisted__Str_g131, "missing.HC", 10);
            Bool hoisted__Bool_g132 = TilFileIsFile(&hoisted__Str_g131);
            TilStrDelete(&hoisted__Str_g131, FALSE);
            Bool hoisted__Bool_g133 = (!hoisted__Bool_g132);
            _m_Bool_g129 = hoisted__Bool_g133;
        } else {
            Bool hoisted__Bool_g134 = FALSE;
            _m_Bool_g129 = hoisted__Bool_g134;
        }
    }
    if (_m_Bool_g129) {
        U64 hoisted__U64_g139 = 1;
        TilStrArray _va_Array_g20;
        TilStrArrayNew(&_va_Array_g20, hoisted__U64_g139);
        I64 _va_Array_g20_ek = 0;
        U64 hoisted__U64_g140 = 0;
        TilStr hoisted__Str_g141;
        TilStrInitLit(&hoisted__Str_g141, "missing kind", 12);
        TilStrArraySet(&_va_Array_g20, hoisted__U64_g140, &hoisted__Str_g141);
        TilPrintln(&_va_Array_g20);
    }
    Bool _m_Bool_g142 = FALSE;
    {
        TilStr hoisted__Str_g148;
        TilStrInitLit(&hoisted__Str_g148, "missing.HC", 10);
        Bool hoisted__Bool_g149 = TilFileIsDir(&hoisted__Str_g148);
        TilStrDelete(&hoisted__Str_g148, FALSE);
        Bool _sw_Bool_g143 = (!hoisted__Bool_g149);
        Bool hoisted__Bool_g150 = TRUE;
        Bool hoisted__Bool_g151 = (_sw_Bool_g143 == hoisted__Bool_g150);
        if (hoisted__Bool_g151) {
            TilStr hoisted__Str_g144;
            TilStrInitLit(&hoisted__Str_g144, "missing.HC", 10);
            Bool hoisted__Bool_g145 = TilFileIsFile(&hoisted__Str_g144);
            TilStrDelete(&hoisted__Str_g144, FALSE);
            Bool hoisted__Bool_g146 = (!hoisted__Bool_g145);
            _m_Bool_g142 = hoisted__Bool_g146;
        } else {
            Bool hoisted__Bool_g147 = FALSE;
            _m_Bool_g142 = hoisted__Bool_g147;
        }
    }
    if (_m_Bool_g142) {
        U64 hoisted__U64_g152 = 1;
        TilStrArray _va_Array_g21;
        TilStrArrayNew(&_va_Array_g21, hoisted__U64_g152);
        I64 _va_Array_g21_ek = 0;
        U64 hoisted__U64_g153 = 0;
        TilStr hoisted__Str_g154;
        TilStrInitLit(&hoisted__Str_g154, "primitive kinds missing", 23);
        TilStrArraySet(&_va_Array_g21, hoisted__U64_g153, &hoisted__Str_g154);
        TilPrintln(&_va_Array_g21);
    }
    TilStr hoisted__Str_g219;
    TilStrInitLit(&hoisted__Str_g219, "TILWRITE.HC.trailing", 20);
    U64 hoisted__U64_g220 = 0;
    U64 hoisted__U64_g221 = 11;
    TilStr write_path;
    TilStrSubstr(&write_path, &hoisted__Str_g219, hoisted__U64_g220, hoisted__U64_g221);
    TilStrDelete(&hoisted__Str_g219, FALSE);
    TilStr hoisted__Str_g222;
    TilStrInitLit(&hoisted__Str_g222, "src/holyc/ext.HC", 16);
    Bool hoisted__Bool_g223 = TilFileExists(&hoisted__Str_g222);
    TilStrDelete(&hoisted__Str_g222, FALSE);
    if (hoisted__Bool_g223) {
        TilStr hoisted__Str_g155;
        TilStrInitLit(&hoisted__Str_g155, "tmp/TILWRITE.HC.trailing", 24);
        U64 hoisted__U64_g156 = 0;
        U64 hoisted__U64_g157 = 15;
        {
            TilStr replacement_2;
            TilStrSubstr(&replacement_2, &hoisted__Str_g155, hoisted__U64_g156, hoisted__U64_g157);
            TilStrDelete(&write_path, FALSE);
            TilStrCopyValue(&write_path, &replacement_2);
        }
        TilStrDelete(&hoisted__Str_g155, FALSE);
    }
    TilStr hoisted__Str_g224;
    TilStrInitLit(&hoisted__Str_g224, "longer content", 14);
    TilFileWrite(&write_path, &hoisted__Str_g224);
    TilStrDelete(&hoisted__Str_g224, FALSE);
    TilStr hoisted__Str_g225;
    TilStrInitLit(&hoisted__Str_g225, "A\x00Z", 3);
    TilFileWrite(&write_path, &hoisted__Str_g225);
    TilStrDelete(&hoisted__Str_g225, FALSE);
    TilStr written;
    TilFileRead(&written, &write_path);
    TilStr hoisted__Str_g226;
    TilStrInitLit(&hoisted__Str_g226, "A\x00Z", 3);
    Bool hoisted__Bool_g227 = TilStrEq(&written, &hoisted__Str_g226);
    TilStrDelete(&hoisted__Str_g226, FALSE);
    if (hoisted__Bool_g227) {
        U64 hoisted__U64_g158 = 1;
        TilStrArray _va_Array_g22;
        TilStrArrayNew(&_va_Array_g22, hoisted__U64_g158);
        I64 _va_Array_g22_ek = 0;
        U64 hoisted__U64_g159 = 0;
        TilStr hoisted__Str_g160;
        TilStrInitLit(&hoisted__Str_g160, "write roundtrip", 15);
        TilStrArraySet(&_va_Array_g22, hoisted__U64_g159, &hoisted__Str_g160);
        TilPrintln(&_va_Array_g22);
    }
    U64 hoisted__U64_g228 = 1;
    TilStrArray _va_Array_g32;
    TilStrArrayNew(&_va_Array_g32, hoisted__U64_g228);
    I64 _va_Array_g32_ek = 0;
    U64 hoisted__U64_g229 = (&written)->count;
    I64 hoisted__I64_g230 = ((hoisted__U64_g229) + 0)(I64);
    U64 hoisted__U64_g231 = 0;
    TilStr hoisted__Str_g232;
    TilStrFromI64(&hoisted__Str_g232, hoisted__I64_g230);
    TilStrArraySet(&_va_Array_g32, hoisted__U64_g231, &hoisted__Str_g232);
    TilPrintln(&_va_Array_g32);
    TilStrDelete(&written, FALSE);
    TilStr hoisted__Str_g233;
    TilStrInitLit(&hoisted__Str_g233, "", 0);
    TilFileWrite(&write_path, &hoisted__Str_g233);
    TilStrDelete(&hoisted__Str_g233, FALSE);
    TilStr empty_written;
    TilFileRead(&empty_written, &write_path);
    Bool hoisted__Bool_g234 = ((&empty_written)->count == 0);
    if (hoisted__Bool_g234) {
        U64 hoisted__U64_g161 = 1;
        TilStrArray _va_Array_g23;
        TilStrArrayNew(&_va_Array_g23, hoisted__U64_g161);
        I64 _va_Array_g23_ek = 0;
        U64 hoisted__U64_g162 = 0;
        TilStr hoisted__Str_g163;
        TilStrInitLit(&hoisted__Str_g163, "empty write", 11);
        TilStrArraySet(&_va_Array_g23, hoisted__U64_g162, &hoisted__Str_g163);
        TilPrintln(&_va_Array_g23);
    }
    TilStrDelete(&empty_written, FALSE);
    return 0;
}

TilMain;
