I64 twice(I64 n);

I64 twice(I64 n)
{
    "%s", "Inside twice";
    "\n";
    I64 hoisted__I64_3 = 2;
    I64 hoisted__I64_4 = (n * hoisted__I64_3);
    return hoisted__I64_4;
}

I64 TilMain()
{
    I64 hoisted__I64_g7 = 21;
    I64 result = twice(hoisted__I64_g7);
    "%d", result;
    "\n";
    return 0;
}

TilMain;
