rustc src/rstil.rs -o bin/rstil
